<html>
<body>
<pre>
<h1>µVision Build Log</h1>
<h2>Project:</h2>
D:\Sistemas_Microcontrolados\Matheus\Projeto_Final_01.06.2022\ADCPrintResults.uvproj
Project File Date:  06/01/2022

<h2>Output:</h2>
Build target 'ADCPrintResults'
compiling main.c...
main.c(87): warning:  #177-D: variable "data" was declared but never referenced
        int32_t data,In;
main.c(89): warning:  #177-D: variable "UART_data" was declared but never referenced
        char UART_data;
main.c: 2 warnings, 0 errors
linking...
Program Size: Code=2204 RO-data=32 RW-data=4 ZI-data=1028  
".\ADCPrintResults.axf" - 0 Error(s), 2 Warning(s).
ADCPrintResults.axf" - 0 Error(s), 2 Warning(s).
