<html>
<body>
<pre>
<h1>µVision Build Log</h1>
<h2>Project:</h2>
D:\FILES\PF_Sist_Micro_Dispenser\Projeto_Final\Projeto_Final_01.06.2022\ADCPrintResults.uvproj
Project File Date:  06/08/2022

<h2>Output:</h2>
Build target 'ADCPrintResults'
compiling main.c...
porta.h(1): warning:  #1-D: last line of file ends without a newline
  void PortC_Init(void);
portc.h(1): warning:  #1-D: last line of file ends without a newline
  void PortC_Init(void);
main.c(124): warning:  #550-D: variable "data" was set but never used
        int32_t data,In;
main.c(125): warning:  #177-D: variable "lim_time" was declared but never referenced
        int32_t lim_time= 1000;                 // Tempo limite do dispensador
main.c: 4 warnings, 0 errors
linking...
Program Size: Code=4412 RO-data=32 RW-data=16 ZI-data=1024  
".\ADCPrintResults.axf" - 0 Error(s), 4 Warning(s).
</pre>
</body>
</html>
ao;
main.c(124): warning:  #550-D: variable "data" was set but never used
        int32_t data,In;
main.c(125): warning:  #177-D: variable "lim_time" was declared but never referenced
        int32_t lim_time= 1000;                 // Tempo limite do dispensador
main.c: 4 warnings, 3 errors
".\ADCPrintResults.axf" - 3 Error(s), 4 Warning(s).
Target not created
c...
compiling portb.c...
compiling portf.c...
compiling Timer0.c...
compiling Timer1.c...
compiling SysTick.c...
compiling portc.c...
compiling porta.c...
".\ADCPrintResults.axf" - 3 Error(s), 4 Warning(s).
Target not created
