<html>
<body>
<pre>
<h1>µVision Build Log</h1>
<h2>Project:</h2>
D:\FILES\PF_Sist_Micro_Dispenser\Projeto_Final\Projeto_Final_15.06.2022\ADCPrintResults.uvproj
Project File Date:  06/15/2022

<h2>Output:</h2>
Build target 'ADCPrintResults'
compiling main.c...
linking...
Program Size: Code=5032 RO-data=72 RW-data=16 ZI-data=1024  
".\ADCPrintResults.axf" - 0 Error(s), 0 Warning(s).
</pre>
</body>
</html>
: 0 warnings, 1 error
compiling portc.c...
compiling porta.c...
".\ADCPrintResults.axf" - 1 Error(s), 0 Warning(s).
Target not created
:  #1-D: last line of file ends without a newline
  }
portb.c: 1 warning, 0 errors
compiling portf.c...
compiling Timer0.c...
compiling Timer1.c...
compiling SysTick.c...
compiling portc.c...
compiling porta.c...
porta.c(29): warning:  #1-D: last line of file ends without a newline
  }
porta.c: 1 warning, 0 errors
compiling Timer2.c...
".\ADCPrintResults.axf" - 1 Error(s), 2 Warning(s).
Target not created
